start test
end class declaration
{'offset2': 34}
46
