'ham ham ham'
'hamutz hamutz hamutz'
'ham ham ham'
'hamuletz hamuletz hamuletz'
14
