\['red', 'white', 'yellow'\]
\['white', 'brown', 'black'\]
