null
4
'ham ham ham'
'ham ham ham'
'ham ham ham'
'ham ham ham'
