8080
store: {a: 12, Server: class object, server: class instance at memory address: (.*)}
outer: {}
