'buna dimineata!'
'display_service'
'buna dimineata!'
