'USA'
\['red', 'green', 'yellow'\]
\['red', 'green', 'yellow'\]
