{'f': <class instance at memory address: (.*)>}
'content for tests'
