\['a', 'b', 'c', 'd', 'e'\]
\['a', 'c', 'e', 'b', 'd'\]
5
<function at memory address: (.*)>
6
6
20
200
