'321'
'21'
'1'
''
''
'321'
'21'
'321'
'123'
'13'
'1'
'1'
