dex
<class instance at memory address: (.*)>
<class instance at memory address: (.*)>
