{'Test': <class object at memory address: (.*)>, 't': <class instance at memory address: (.*)>}
