<class instance at memory address: (.*)>
'INSTANCE'
'aaa'
