\['bebe', 'dex', 'e', 'un', 'dragutz', 'si', 'un', 'scumpec'\]
\['dex', 'e', 'un'\]
