'def'
''
''
'edcb'
''
'abcd'
''
'cd'
''
'de'
''
'fe'
''
'e'
'bcd'
'fg'
'fgh'
'fedcb'
''
'321'
''
'32'
''
'32'
''
'321'
''
''
'12'
''
'321'
'21'
'1'
''
''
'321'
'21'
'321'
'123'
'13'
'1'
'1'
'3'
'321'
'3'
'32'
'321'
'321'
'321'
'32'
'3'
''
''
'abcd'
'ace'
'h'
'abcdefg'
'abcde'
'hf'
'h'
