{'a': 5, 'b': <function at memory address: (.*)}
7
