'aaa'
<function at memory address: (.*)>
18
16
14
12
10
8
6
4
2
<function at memory address: (.*)>
9
