\[2, 3, 4\]
\[6, 7\]
\[6, 7, 8\]
\[6, 5, 4, 3, 2\]
\[\]
