test class parsing for Ad
end test class parsing for Ad
