8080
{'Server': <class object at memory address: (.*)>, 'server': <class instance at memory address: (.*)>}
