start test
end class declaration
{'a': 12, 'e': <class instance at memory address: (.*)>, 'Elev': <class object at memory address: (.*)>}
<class instance at memory address: (.*)>
end class test
