null
null
null
null
'starting thread'
(.\n\r)*
'finishing thread'
