'start test'
'end class declaration'
{'Elev': <class object at memory address: (.*)>, 'a': 12}
'end class test'
