store: {a: function at memory address (.*), x: 11}
outer: {}
store: {y: 100}
outer: {
    store: {a: function at memory address (.*), x: 11}
    outer: {}
}
11
store: {a: function at memory address (.*), x: 11}
outer: {}
