\['d', 'e', 'f'\]
\[\]
\[\]
\['e', 'd', 'c', 'b'\]
\[\]
\['a', 'b', 'c', 'd'\]
\[\]
\['c', 'd'\]
\[\]
\['d', 'e'\]
\[\]
\['f', 'e'\]
\[\]
\['e'\]
\['b', 'c', 'd'\]
\['f', 'g'\]
\['f', 'g', 'h'\]
\['f', 'e', 'd', 'c', 'b'\]
\[\]
\['3', '2', '1'\]
\[\]
\['3', '2'\]
\[\]
\['3', '2'\]
\[\]
\['3', '2', '1'\]
\[\]
\[\]
\['1', '2'\]
\[\]
\['3', '2', '1'\]
\['2', '1'\]
\['1'\]
\[\]
\[\]
\['3', '2', '1'\]
\['2', '1'\]
\['3', '2', '1'\]
\['1', '2', '3'\]
\['1', '3'\]
\['1'\]
\['1'\]
\['3'\]
\['3', '2', '1'\]
\['3'\]
\['3', '2'\]
\['3', '2', '1'\]
\['3', '2', '1'\]
\['3', '2', '1'\]
\['3', '2'\]
\['3'\]
\[\]
\[\]
\['a', 'b', 'c', 'd'\]
\['a', 'c', 'e'\]
\['h'\]
\['a', 'b', 'c', 'd', 'e', 'f', 'g'\]
\['a', 'b', 'c', 'd', 'e'\]
\['h', 'f'\]
\['h'\]
\[3, 2, 1\]
\[3, 2, 1\]
\[3, 2, 1\]
\[3, 2, 1\]
\[2, 1\]
\[\]
\[\]
\[2, 3\]
