store: {a: 8}
outer: {}
store: {a: 8, test: <function at memory address: (.*)>}
outer: {}
