\['anca', 'andreea', 'antonia', 'alexandra', 'alina'\]
