5
class instance at memory address (.*)
6
class instance at memory address (.*)
