\['red', 'green', 'blue'\]
\['yellow', 'red', 'black'\]
\['ros', 'galb', 'albas'\]
