store: {Server: class object at memory address 0x14ff04610, server: class instance at memory address 0x14ff046d0}
outer: {}
