56
"buna dimineata!!!"
store: {Student: class object at memory address (.*), s: class instance at memory address (.*)}
outer: {}