function at memory address (.*)
function at memory address (.*)
"life"
"life"
"life"
"bad"
