0
1
2
3
4
0
1
2
3
4
0
1
2
3
4
true
false
true
true
true
false
