\['anca', 'andreea', 'mihaela', 'alexandra', 'alina'\]
