null
<socket instance at memory address (.*)>
null
<socket instance at memory address (.*)>
