5
function at memory address (.*)
"Test bultin method"
