8080
"running test\(\) in Server"
store: {Server: class object at memory address (.*), server: class instance at memory address (.*)}
outer: {}